Started MK-61.
  1 -- ' 0.          '
  4 -- ' 3.1415926   '
  9 -- ' 1.1447298   '
 13 -- ' 5.8702985-02'
 17 -- ' 1.1447298   '
 21 -- ' 1.          '
 25 -- ' 1.7452405-02'
 29 -- ' 9.9999996-01'
 33 -- ' 1.7455063-02'
 37 -- ' 9.9999992-01'
 41 -- ' 4.4721361-04'
 45 -- ' 4.4721363-04'
 46 -- ' 0.          '
 52 -- ' 1.          '
 54 -- ' 14.         '
 64 -- '          00'
 70 -- ' L0       01'
 74 -- ' 5R L0    02'
 78 -- ' 13 5R L0 03'
 82 -- ' 5L 13 5R 04'
 86 -- ' 09 5L 13 05'
 88 -- ' 01 09 5L 06'
 90 -- ' 07 01 09 07'
 94 -- ' 43 07 01 08'
100 -- ' 83 43 07 09'
104 -- ' 6R 83 43 10'
106 -- ' 13 6R 83 11'
108 -- ' 51 13 6R 12'
112 -- ' 03 51 13 13'
116 -- ' 60 03 51 14'
118 -- ' 51 60 03 15'
122 -- ' 00 51 60 16'
124 -- ' 12 00 51 17'
128 -- ' 67 12 00 18'
130 -- ' 10 67 12 19'
134 -- ' 58 10 67 20'
138 -- ' 25 58 10 21'
142 -- ' 5- 25 58 22'
146 -- ' 25 5- 25 23'
148 -- ' 51 25 5- 24'
152 -- ' 27 51 25 25'
154 -- ' 51 27 51 26'
158 -- ' 21 51 27 27'
164 -- ' L4 21 51 28'
168 -- ' 5C L4 21 29'
172 -- ' 31 5C L4 30'
176 -- ' 54 31 5C 31'
180 -- ' 5E 54 31 32'
184 -- ' 35 5E 54 33'
186 -- ' 51 35 5E 34'
190 -- ' 39 51 35 35'
192 -- ' 53 39 51 36'
196 -- ' 54 53 39 37'
200 -- ' 59 54 53 38'
204 -- ' 33 59 54 39'
208 -- ' 69 33 59 40'
210 -- ' 11 69 33 41'
214 -- ' 57 11 69 42'
218 -- ' 60 57 11 43'
220 -- ' 04 60 57 44'
222 -- ' 07 04 60 45'
226 -- ' 46 07 04 46'
228 -- ' 14 46 07 47'
234 -- ' 96 14 46 48'
240 -- ' E6 96 14 49'
246 -- ' 76 E6 96 50'
252 -- ' C6 76 E6 51'
256 -- ' 22 C6 76 52'
258 -- ' 51 22 C6 53'
262 -- ' 57 51 22 54'
266 -- ' 21 57 51 55'
270 -- ' 23 21 57 56'
272 -- ' 52 23 21 57'
274 -- ' 06 52 23 58'
276 -- ' 02 06 52 59'
280 -- ' 4L 02 06 60'
286 -- ' -L 4L 02 61'
288 -- ' 50 -L 4L 62'
292 -- ' 0  50 -L 63'
296 -- ' 16 0  50 64'
298 -- ' 52 16 0  65'
302 -- ' 14.         '
306 -- ' 14         '
307 -- running
308 -- running
309 -- running
310 -- running
311 -- running
312 -- running
313 -- running
314 -- running
315 -- running
316 -- running
317 -- running
318 -- running
319 -- running
320 -- running
321 -- running
322 -- running
323 -- running
324 -- running
325 -- running
326 -- running
327 -- running
328 -- running
329 -- running
330 -- running
331 -- running
332 -- running
333 -- running
334 -- running
335 -- running
336 -- running
337 -- running
338 -- running
339 -- running
340 -- running
341 -- running
342 -- running
343 -- running
344 -- ' 6.187848 -05'
347 -- ' 62.         '
351 -- ' 93.902651   '
355 -- ' 47.         '
359 -- ' 10.428571   '
363 -- '-99999999.   '
367 -- ' 00000001.   '
375 -- ' 6.          '
379 -- ' 0.          '
387 -- ' 14.         '
389 -- '-14.         '
397 -- ' ERR0R      '
398 -- ' 0.          '
400 -- ' 1.        00'
405 -- ' 1.5707317-02'
Finished.
